// Jest Snapshot v1, https://goo.gl/fbAQLP

exports[`Should render an individual expense list item 1`] = `
<div>
  <Link
    replace={false}
    to="/edit/1"
  >
    <h3>
       
      Gum
       
    </h3>
  </Link>
  <p>
    $4.50
    -
    December 31st, 1969
  </p>
</div>
`;
